[{"newValue":["a","b","c"],"name":"chars1","oldValue":["a","b","c"],"status":"same"},{"newValue":false,"name":"chars2","oldValue":["d","e","f"],"status":"updated"},{"newValue":true,"name":"checked","oldValue":false,"status":"updated"},{"newValue":["value1","value2"],"name":"default","oldValue":null,"status":"updated"},{"newValue":null,"name":"id","oldValue":45,"status":"updated"},{"newValue":null,"name":"key1","oldValue":"value1","status":"removed"},{"newValue":"value2","name":"key2","oldValue":null,"status":"added"},{"newValue":[1,2,3,4],"name":"numbers1","oldValue":[1,2,3,4],"status":"same"},{"newValue":[22,33,44,55],"name":"numbers2","oldValue":[2,3,4,5],"status":"updated"},{"newValue":null,"name":"numbers3","oldValue":[3,4,5],"status":"removed"},{"newValue":[4,5,6],"name":"numbers4","oldValue":null,"status":"added"},{"newValue":{"nestedKey":"value","isNested":true},"name":"obj1","oldValue":null,"status":"added"},{"newValue":"Another value","name":"setting1","oldValue":"Some value","status":"updated"},{"newValue":300,"name":"setting2","oldValue":200,"status":"updated"},{"newValue":"none","name":"setting3","oldValue":true,"status":"updated"}]